Release 14.7 - xst P.20131013 (nt64)
Copyright (c) 1995-2013 Xilinx, Inc.  All rights reserved.
--> Parameter TMPDIR set to xst/projnav.tmp


Total REAL time to Xst completion: 1.00 secs
Total CPU time to Xst completion: 0.50 secs
 
--> Parameter xsthdpdir set to xst


Total REAL time to Xst completion: 1.00 secs
Total CPU time to Xst completion: 0.50 secs
 
--> Reading design: multiplicador.prj

TABLE OF CONTENTS
  1) Synthesis Options Summary
  2) HDL Compilation
  3) Design Hierarchy Analysis
  4) HDL Analysis
  5) HDL Synthesis
     5.1) HDL Synthesis Report
  6) Advanced HDL Synthesis
     6.1) Advanced HDL Synthesis Report
  7) Low Level Synthesis
  8) Partition Report
  9) Final Report
	9.1) Device utilization summary
	9.2) Partition Resource Summary
	9.3) TIMING REPORT


=========================================================================
*                      Synthesis Options Summary                        *
=========================================================================
---- Source Parameters
Input File Name                    : "multiplicador.prj"
Input Format                       : mixed
Ignore Synthesis Constraint File   : NO

---- Target Parameters
Output File Name                   : "multiplicador"
Output Format                      : NGC
Target Device                      : xc3s100e-5-cp132

---- Source Options
Top Module Name                    : multiplicador
Automatic FSM Extraction           : YES
FSM Encoding Algorithm             : Auto
Safe Implementation                : No
FSM Style                          : LUT
RAM Extraction                     : Yes
RAM Style                          : Auto
ROM Extraction                     : Yes
Mux Style                          : Auto
Decoder Extraction                 : YES
Priority Encoder Extraction        : Yes
Shift Register Extraction          : YES
Logical Shifter Extraction         : YES
XOR Collapsing                     : YES
ROM Style                          : Auto
Mux Extraction                     : Yes
Resource Sharing                   : YES
Asynchronous To Synchronous        : NO
Multiplier Style                   : Auto
Automatic Register Balancing       : No

---- Target Options
Add IO Buffers                     : YES
Global Maximum Fanout              : 100000
Add Generic Clock Buffer(BUFG)     : 24
Register Duplication               : YES
Slice Packing                      : YES
Optimize Instantiated Primitives   : NO
Use Clock Enable                   : Yes
Use Synchronous Set                : Yes
Use Synchronous Reset              : Yes
Pack IO Registers into IOBs        : Auto
Equivalent register Removal        : YES

---- General Options
Optimization Goal                  : Speed
Optimization Effort                : 1
Keep Hierarchy                     : No
Netlist Hierarchy                  : As_Optimized
RTL Output                         : Yes
Global Optimization                : AllClockNets
Read Cores                         : YES
Write Timing Constraints           : NO
Cross Clock Analysis               : NO
Hierarchy Separator                : /
Bus Delimiter                      : <>
Case Specifier                     : Maintain
Slice Utilization Ratio            : 100
BRAM Utilization Ratio             : 100
Verilog 2001                       : YES
Auto BRAM Packing                  : NO
Slice Utilization Ratio Delta      : 5

=========================================================================


=========================================================================
*                          HDL Compilation                              *
=========================================================================
Compiling verilog file "multiplicador.v" in library work
Module <multiplicador> compiled
No errors in compilation
Analysis of file <"multiplicador.prj"> succeeded.
 

=========================================================================
*                     Design Hierarchy Analysis                         *
=========================================================================
Analyzing hierarchy for module <multiplicador> in library <work> with parameters.
	ADD = "00000000000000000000000000000010"
	CHECK = "00000000000000000000000000000001"
	END1 = "00000000000000000000000000000100"
	SHIFT = "00000000000000000000000000000011"
	START = "00000000000000000000000000000000"


=========================================================================
*                            HDL Analysis                               *
=========================================================================
Analyzing top module <multiplicador>.
	ADD = 32'sb00000000000000000000000000000010
	CHECK = 32'sb00000000000000000000000000000001
	END1 = 32'sb00000000000000000000000000000100
	SHIFT = 32'sb00000000000000000000000000000011
	START = 32'sb00000000000000000000000000000000
Module <multiplicador> is correct for synthesis.
 

=========================================================================
*                           HDL Synthesis                               *
=========================================================================

Performing bidirectional port resolution...

Synthesizing Unit <multiplicador>.
    Related source file is "multiplicador.v".
    Found finite state machine <FSM_0> for signal <status>.
    -----------------------------------------------------------------------
    | States             | 5                                              |
    | Transitions        | 8                                              |
    | Inputs             | 3                                              |
    | Outputs            | 5                                              |
    | Clock              | clk                       (rising_edge)        |
    | Power Up State     | 000                                            |
    | Encoding           | automatic                                      |
    | Implementation     | LUT                                            |
    -----------------------------------------------------------------------
    Found 1-bit register for signal <done>.
    Found 6-bit up accumulator for signal <pp>.
    Found 6-bit register for signal <A>.
    Found 1-bit register for signal <add>.
    Found 3-bit register for signal <B>.
    Found 1-bit register for signal <rst>.
    Found 1-bit register for signal <sh>.
    Summary:
	inferred   1 Finite State Machine(s).
	inferred   1 Accumulator(s).
	inferred  13 D-type flip-flop(s).
Unit <multiplicador> synthesized.


=========================================================================
HDL Synthesis Report

Macro Statistics
# Accumulators                                         : 1
 6-bit up accumulator                                  : 1
# Registers                                            : 6
 1-bit register                                        : 4
 3-bit register                                        : 1
 6-bit register                                        : 1

=========================================================================

=========================================================================
*                       Advanced HDL Synthesis                          *
=========================================================================

Analyzing FSM <FSM_0> for best encoding.
Optimizing FSM <status/FSM> on signal <status[1:5]> with one-hot encoding.
-------------------
 State | Encoding
-------------------
 000   | 00001
 001   | 00010
 010   | 00100
 011   | 01000
 100   | 10000
-------------------

=========================================================================
Advanced HDL Synthesis Report

Macro Statistics
# FSMs                                                 : 1
# Accumulators                                         : 1
 6-bit up accumulator                                  : 1
# Registers                                            : 13
 Flip-Flops                                            : 13

=========================================================================

=========================================================================
*                         Low Level Synthesis                           *
=========================================================================

Optimizing unit <multiplicador> ...

Mapping all equations...
Building and optimizing final netlist ...
Found area constraint ratio of 100 (+ 5) on block multiplicador, actual ratio is 1.

Final Macro Processing ...

=========================================================================
Final Register Report

Macro Statistics
# Registers                                            : 24
 Flip-Flops                                            : 24

=========================================================================

=========================================================================
*                           Partition Report                            *
=========================================================================

Partition Implementation Status
-------------------------------

  No Partitions were found in this design.

-------------------------------

=========================================================================
*                            Final Report                               *
=========================================================================
Final Results
RTL Top Level Output File Name     : multiplicador.ngr
Top Level Output File Name         : multiplicador
Output Format                      : NGC
Optimization Goal                  : Speed
Keep Hierarchy                     : No

Design Statistics
# IOs                              : 15

Cell Usage :
# BELS                             : 41
#      GND                         : 1
#      LUT2                        : 14
#      LUT2_L                      : 1
#      LUT3                        : 7
#      LUT3_L                      : 1
#      LUT4                        : 4
#      LUT4_L                      : 1
#      MUXCY                       : 5
#      MUXF5                       : 1
#      XORCY                       : 6
# FlipFlops/Latches                : 24
#      FD                          : 4
#      FDE                         : 9
#      FDR                         : 1
#      FDRE                        : 6
#      FDS                         : 1
#      FDSE                        : 3
# Clock Buffers                    : 1
#      BUFGP                       : 1
# IO Buffers                       : 14
#      IBUF                        : 7
#      OBUF                        : 7
=========================================================================

Device utilization summary:
---------------------------

Selected Device : 3s100ecp132-5 

 Number of Slices:                       15  out of    960     1%  
 Number of Slice Flip Flops:             24  out of   1920     1%  
 Number of 4 input LUTs:                 28  out of   1920     1%  
 Number of IOs:                          15
 Number of bonded IOBs:                  15  out of     83    18%  
 Number of GCLKs:                         1  out of     24     4%  

---------------------------
Partition Resource Summary:
---------------------------

  No Partitions were found in this design.

---------------------------


=========================================================================
TIMING REPORT

NOTE: THESE TIMING NUMBERS ARE ONLY A SYNTHESIS ESTIMATE.
      FOR ACCURATE TIMING INFORMATION PLEASE REFER TO THE TRACE REPORT
      GENERATED AFTER PLACE-and-ROUTE.

Clock Information:
------------------
-----------------------------------+------------------------+-------+
Clock Signal                       | Clock buffer(FF name)  | Load  |
-----------------------------------+------------------------+-------+
clk                                | BUFGP                  | 24    |
-----------------------------------+------------------------+-------+

Asynchronous Control Signals Information:
----------------------------------------
No asynchronous control signals found in this design

Timing Summary:
---------------
Speed Grade: -5

   Minimum period: 3.355ns (Maximum Frequency: 298.071MHz)
   Minimum input arrival time before clock: 2.871ns
   Maximum output required time after clock: 4.134ns
   Maximum combinational path delay: No path found

Timing Detail:
--------------
All values displayed in nanoseconds (ns)

=========================================================================
Timing constraint: Default period analysis for Clock 'clk'
  Clock period: 3.355ns (frequency: 298.071MHz)
  Total number of paths / destination ports: 144 / 49
-------------------------------------------------------------------------
Delay:               3.355ns (Levels of Logic = 2)
  Source:            status_FSM_FFd1 (FF)
  Destination:       sh (FF)
  Source Clock:      clk rising
  Destination Clock: clk rising

  Data Path: status_FSM_FFd1 to sh
                                Gate     Net
    Cell:in->out      fanout   Delay   Delay  Logical Name (Net Name)
    ----------------------------------------  ------------
     FDR:C->Q              4   0.514   0.651  status_FSM_FFd1 (status_FSM_FFd1)
     LUT2_L:I0->LO         1   0.612   0.103  sh_or0000_SW0 (N4)
     LUT4:I3->O            2   0.612   0.380  sh_or0000 (sh_or0000)
     FDSE:CE                   0.483          sh
    ----------------------------------------
    Total                      3.355ns (2.221ns logic, 1.134ns route)
                                       (66.2% logic, 33.8% route)

=========================================================================
Timing constraint: Default OFFSET IN BEFORE for Clock 'clk'
  Total number of paths / destination ports: 11 / 10
-------------------------------------------------------------------------
Offset:              2.871ns (Levels of Logic = 3)
  Source:            init (PAD)
  Destination:       done (FF)
  Destination Clock: clk rising

  Data Path: init to done
                                Gate     Net
    Cell:in->out      fanout   Delay   Delay  Logical Name (Net Name)
    ----------------------------------------  ------------
     IBUF:I->O             5   1.106   0.607  init_IBUF (init_IBUF)
     LUT4:I1->O            1   0.612   0.000  done_mux000031_G (N12)
     MUXF5:I1->O           1   0.278   0.000  done_mux000031 (done_mux0000)
     FD:D                      0.268          done
    ----------------------------------------
    Total                      2.871ns (2.264ns logic, 0.607ns route)
                                       (78.9% logic, 21.1% route)

=========================================================================
Timing constraint: Default OFFSET OUT AFTER for Clock 'clk'
  Total number of paths / destination ports: 7 / 7
-------------------------------------------------------------------------
Offset:              4.134ns (Levels of Logic = 1)
  Source:            done (FF)
  Destination:       done (PAD)
  Source Clock:      clk rising

  Data Path: done to done
                                Gate     Net
    Cell:in->out      fanout   Delay   Delay  Logical Name (Net Name)
    ----------------------------------------  ------------
     FD:C->Q               3   0.514   0.451  done (done_OBUF)
     OBUF:I->O                 3.169          done_OBUF (done)
    ----------------------------------------
    Total                      4.134ns (3.683ns logic, 0.451ns route)
                                       (89.1% logic, 10.9% route)

=========================================================================


Total REAL time to Xst completion: 5.00 secs
Total CPU time to Xst completion: 4.98 secs
 
--> 

Total memory usage is 4519276 kilobytes

Number of errors   :    0 (   0 filtered)
Number of warnings :    0 (   0 filtered)
Number of infos    :    0 (   0 filtered)

